// Jest Snapshot v1, https://goo.gl/fbAQLP

exports[`Dashboard Snapshot Tests renders correctly in loading state 1`] = `
<div
  class="MuiBox-root css-zxdg2z"
>
  <div
    class="MuiBox-root css-v08z5u"
  >
    <div
      class="MuiBox-root css-j0ozid"
    >
      <h4
        class="MuiTypography-root MuiTypography-h4 css-1313egv-MuiTypography-root"
      >
        Dashboard
      </h4>
      <div
        class="MuiChip-root MuiChip-filled MuiChip-sizeMedium MuiChip-colorPrimary MuiChip-filledPrimary css-9td8ez-MuiChip-root"
      >
        <span
          class="MuiChip-label MuiChip-labelMedium css-6od3lo-MuiChip-label"
        >
          v100.3.0
        </span>
      </div>
    </div>
    <div
      class="MuiBox-root css-j0ozid"
    >
      <div
        class="MuiChip-root MuiChip-outlined MuiChip-sizeSmall MuiChip-colorDefault MuiChip-outlinedDefault css-1gyxgoa-MuiChip-root"
      >
        <span
          class="MuiChip-label MuiChip-labelSmall css-rrn746-MuiChip-label"
        >
          Last Update: 3:42:59 AM
        </span>
      </div>
      <button
        class="MuiButtonBase-root MuiIconButton-root MuiIconButton-sizeSmall css-1pe4mpk-MuiButtonBase-root-MuiIconButton-root"
        tabindex="0"
        type="button"
      >
        <svg
          aria-hidden="true"
          class="MuiSvgIcon-root MuiSvgIcon-fontSizeMedium css-i4bv87-MuiSvgIcon-root"
          data-testid="RefreshIcon"
          focusable="false"
          viewBox="0 0 24 24"
        >
          <path
            d="M17.65 6.35C16.2 4.9 14.21 4 12 4c-4.42 0-7.99 3.58-7.99 8s3.57 8 7.99 8c3.73 0 6.84-2.55 7.73-6h-2.08c-.82 2.33-3.04 4-5.65 4-3.31 0-6-2.69-6-6s2.69-6 6-6c1.66 0 3.14.69 4.22 1.78L13 11h7V4z"
          />
        </svg>
        <span
          class="MuiTouchRipple-root css-8je8zh-MuiTouchRipple-root"
        />
      </button>
    </div>
  </div>
  <div
    class="MuiPaper-root MuiPaper-elevation MuiPaper-rounded MuiPaper-elevation0 css-1s32w64-MuiPaper-root"
  >
    <div
      class="MuiBox-root css-dppiuw"
    >
      <div
        class="MuiBox-root css-i3pbo"
      >
        <svg
          aria-hidden="true"
          class="MuiSvgIcon-root MuiSvgIcon-fontSizeMedium css-1lnmg5u-MuiSvgIcon-root"
          data-testid="TableChartIcon"
          focusable="false"
          viewBox="0 0 24 24"
        >
          <path
            d="M10 10.02h5V21h-5zM17 21h3c1.1 0 2-.9 2-2v-9h-5zm3-18H5c-1.1 0-2 .9-2 2v3h19V5c0-1.1-.9-2-2-2M3 19c0 1.1.9 2 2 2h3V10H3z"
          />
        </svg>
      </div>
      <h6
        class="MuiTypography-root MuiTypography-h6 css-10neesi-MuiTypography-root"
      >
        No Hands Yet
      </h6>
      <p
        class="MuiTypography-root MuiTypography-body2 css-adbk1r-MuiTypography-root"
      >
        Start playing poker to see your hands appear here. The system will automatically detect and record your gameplay.
      </p>
      <button
        class="MuiButtonBase-root MuiButton-root MuiButton-contained MuiButton-containedPrimary MuiButton-sizeMedium MuiButton-containedSizeMedium MuiButton-colorPrimary MuiButton-root MuiButton-contained MuiButton-containedPrimary MuiButton-sizeMedium MuiButton-containedSizeMedium MuiButton-colorPrimary css-1p9xwda-MuiButtonBase-root-MuiButton-root"
        tabindex="0"
        type="button"
      >
        <span
          class="MuiButton-icon MuiButton-startIcon MuiButton-iconSizeMedium css-1d6wzja-MuiButton-startIcon"
        >
          <svg
            aria-hidden="true"
            class="MuiSvgIcon-root MuiSvgIcon-fontSizeMedium css-i4bv87-MuiSvgIcon-root"
            data-testid="PlayArrowIcon"
            focusable="false"
            viewBox="0 0 24 24"
          >
            <path
              d="M8 5v14l11-7z"
            />
          </svg>
        </span>
        View Dashboard
        <span
          class="MuiTouchRipple-root css-8je8zh-MuiTouchRipple-root"
        />
      </button>
    </div>
  </div>
</div>
`;

exports[`Dashboard Snapshot Tests renders correctly with no messages 1`] = `
<div
  class="MuiBox-root css-zxdg2z"
>
  <div
    class="MuiBox-root css-v08z5u"
  >
    <div
      class="MuiBox-root css-j0ozid"
    >
      <h4
        class="MuiTypography-root MuiTypography-h4 css-1313egv-MuiTypography-root"
      >
        Dashboard
      </h4>
      <div
        class="MuiChip-root MuiChip-filled MuiChip-sizeMedium MuiChip-colorPrimary MuiChip-filledPrimary css-9td8ez-MuiChip-root"
      >
        <span
          class="MuiChip-label MuiChip-labelMedium css-6od3lo-MuiChip-label"
        >
          v100.3.0
        </span>
      </div>
    </div>
    <div
      class="MuiBox-root css-j0ozid"
    >
      <div
        class="MuiChip-root MuiChip-outlined MuiChip-sizeSmall MuiChip-colorDefault MuiChip-outlinedDefault css-1gyxgoa-MuiChip-root"
      >
        <span
          class="MuiChip-label MuiChip-labelSmall css-rrn746-MuiChip-label"
        >
          Last Update: 3:42:59 AM
        </span>
      </div>
      <button
        class="MuiButtonBase-root MuiIconButton-root MuiIconButton-sizeSmall css-1pe4mpk-MuiButtonBase-root-MuiIconButton-root"
        tabindex="0"
        type="button"
      >
        <svg
          aria-hidden="true"
          class="MuiSvgIcon-root MuiSvgIcon-fontSizeMedium css-i4bv87-MuiSvgIcon-root"
          data-testid="RefreshIcon"
          focusable="false"
          viewBox="0 0 24 24"
        >
          <path
            d="M17.65 6.35C16.2 4.9 14.21 4 12 4c-4.42 0-7.99 3.58-7.99 8s3.57 8 7.99 8c3.73 0 6.84-2.55 7.73-6h-2.08c-.82 2.33-3.04 4-5.65 4-3.31 0-6-2.69-6-6s2.69-6 6-6c1.66 0 3.14.69 4.22 1.78L13 11h7V4z"
          />
        </svg>
        <span
          class="MuiTouchRipple-root css-8je8zh-MuiTouchRipple-root"
        />
      </button>
    </div>
  </div>
  <div
    class="MuiPaper-root MuiPaper-elevation MuiPaper-rounded MuiPaper-elevation0 css-1s32w64-MuiPaper-root"
  >
    <div
      class="MuiBox-root css-dppiuw"
    >
      <div
        class="MuiBox-root css-i3pbo"
      >
        <svg
          aria-hidden="true"
          class="MuiSvgIcon-root MuiSvgIcon-fontSizeMedium css-1lnmg5u-MuiSvgIcon-root"
          data-testid="TableChartIcon"
          focusable="false"
          viewBox="0 0 24 24"
        >
          <path
            d="M10 10.02h5V21h-5zM17 21h3c1.1 0 2-.9 2-2v-9h-5zm3-18H5c-1.1 0-2 .9-2 2v3h19V5c0-1.1-.9-2-2-2M3 19c0 1.1.9 2 2 2h3V10H3z"
          />
        </svg>
      </div>
      <h6
        class="MuiTypography-root MuiTypography-h6 css-10neesi-MuiTypography-root"
      >
        No Hands Yet
      </h6>
      <p
        class="MuiTypography-root MuiTypography-body2 css-adbk1r-MuiTypography-root"
      >
        Start playing poker to see your hands appear here. The system will automatically detect and record your gameplay.
      </p>
      <button
        class="MuiButtonBase-root MuiButton-root MuiButton-contained MuiButton-containedPrimary MuiButton-sizeMedium MuiButton-containedSizeMedium MuiButton-colorPrimary MuiButton-root MuiButton-contained MuiButton-containedPrimary MuiButton-sizeMedium MuiButton-containedSizeMedium MuiButton-colorPrimary css-1p9xwda-MuiButtonBase-root-MuiButton-root"
        tabindex="0"
        type="button"
      >
        <span
          class="MuiButton-icon MuiButton-startIcon MuiButton-iconSizeMedium css-1d6wzja-MuiButton-startIcon"
        >
          <svg
            aria-hidden="true"
            class="MuiSvgIcon-root MuiSvgIcon-fontSizeMedium css-i4bv87-MuiSvgIcon-root"
            data-testid="PlayArrowIcon"
            focusable="false"
            viewBox="0 0 24 24"
          >
            <path
              d="M8 5v14l11-7z"
            />
          </svg>
        </span>
        View Dashboard
        <span
          class="MuiTouchRipple-root css-8je8zh-MuiTouchRipple-root"
        />
      </button>
    </div>
  </div>
</div>
`;

exports[`Dashboard Snapshot Tests renders correctly with sample messages 1`] = `
<div
  class="MuiBox-root css-zxdg2z"
>
  <div
    class="MuiBox-root css-v08z5u"
  >
    <div
      class="MuiBox-root css-j0ozid"
    >
      <h4
        class="MuiTypography-root MuiTypography-h4 css-1313egv-MuiTypography-root"
      >
        Dashboard
      </h4>
      <div
        class="MuiChip-root MuiChip-filled MuiChip-sizeMedium MuiChip-colorPrimary MuiChip-filledPrimary css-9td8ez-MuiChip-root"
      >
        <span
          class="MuiChip-label MuiChip-labelMedium css-6od3lo-MuiChip-label"
        >
          v100.3.0
        </span>
      </div>
    </div>
    <div
      class="MuiBox-root css-j0ozid"
    >
      <div
        class="MuiChip-root MuiChip-outlined MuiChip-sizeSmall MuiChip-colorDefault MuiChip-outlinedDefault css-1gyxgoa-MuiChip-root"
      >
        <span
          class="MuiChip-label MuiChip-labelSmall css-rrn746-MuiChip-label"
        >
          Last Update: 3:42:59 AM
        </span>
      </div>
      <button
        class="MuiButtonBase-root MuiIconButton-root MuiIconButton-sizeSmall css-1pe4mpk-MuiButtonBase-root-MuiIconButton-root"
        tabindex="0"
        type="button"
      >
        <svg
          aria-hidden="true"
          class="MuiSvgIcon-root MuiSvgIcon-fontSizeMedium css-i4bv87-MuiSvgIcon-root"
          data-testid="RefreshIcon"
          focusable="false"
          viewBox="0 0 24 24"
        >
          <path
            d="M17.65 6.35C16.2 4.9 14.21 4 12 4c-4.42 0-7.99 3.58-7.99 8s3.57 8 7.99 8c3.73 0 6.84-2.55 7.73-6h-2.08c-.82 2.33-3.04 4-5.65 4-3.31 0-6-2.69-6-6s2.69-6 6-6c1.66 0 3.14.69 4.22 1.78L13 11h7V4z"
          />
        </svg>
        <span
          class="MuiTouchRipple-root css-8je8zh-MuiTouchRipple-root"
        />
      </button>
    </div>
  </div>
  <div
    class="MuiPaper-root MuiPaper-elevation MuiPaper-rounded MuiPaper-elevation0 css-1s32w64-MuiPaper-root"
  >
    <div
      class="MuiBox-root css-dppiuw"
    >
      <div
        class="MuiBox-root css-i3pbo"
      >
        <svg
          aria-hidden="true"
          class="MuiSvgIcon-root MuiSvgIcon-fontSizeMedium css-1lnmg5u-MuiSvgIcon-root"
          data-testid="TableChartIcon"
          focusable="false"
          viewBox="0 0 24 24"
        >
          <path
            d="M10 10.02h5V21h-5zM17 21h3c1.1 0 2-.9 2-2v-9h-5zm3-18H5c-1.1 0-2 .9-2 2v3h19V5c0-1.1-.9-2-2-2M3 19c0 1.1.9 2 2 2h3V10H3z"
          />
        </svg>
      </div>
      <h6
        class="MuiTypography-root MuiTypography-h6 css-10neesi-MuiTypography-root"
      >
        No Hands Yet
      </h6>
      <p
        class="MuiTypography-root MuiTypography-body2 css-adbk1r-MuiTypography-root"
      >
        Start playing poker to see your hands appear here. The system will automatically detect and record your gameplay.
      </p>
      <button
        class="MuiButtonBase-root MuiButton-root MuiButton-contained MuiButton-containedPrimary MuiButton-sizeMedium MuiButton-containedSizeMedium MuiButton-colorPrimary MuiButton-root MuiButton-contained MuiButton-containedPrimary MuiButton-sizeMedium MuiButton-containedSizeMedium MuiButton-colorPrimary css-1p9xwda-MuiButtonBase-root-MuiButton-root"
        tabindex="0"
        type="button"
      >
        <span
          class="MuiButton-icon MuiButton-startIcon MuiButton-iconSizeMedium css-1d6wzja-MuiButton-startIcon"
        >
          <svg
            aria-hidden="true"
            class="MuiSvgIcon-root MuiSvgIcon-fontSizeMedium css-i4bv87-MuiSvgIcon-root"
            data-testid="PlayArrowIcon"
            focusable="false"
            viewBox="0 0 24 24"
          >
            <path
              d="M8 5v14l11-7z"
            />
          </svg>
        </span>
        View Dashboard
        <span
          class="MuiTouchRipple-root css-8je8zh-MuiTouchRipple-root"
        />
      </button>
    </div>
  </div>
</div>
`;
